// Jest Snapshot v1, https://goo.gl/fbAQLP

exports[`Test interactions with the useState should be shown correctly  1`] = `
<Fragment>
  <h1>
    RealExampleRef
  </h1>
  <hr />
  <button
    className="btn btn-sm btn-outline-primary d-block mt-3"
    onClick={[Function]}
  >
    Show & Hide
  </button>
</Fragment>
`;
